    Updating crates.io index
 Downloading crates ...
  Downloaded errno v0.3.14
  Downloaded cfg-if v1.0.4
  Downloaded fastrand v2.3.0
  Downloaded tokio-macros v2.6.1
  Downloaded quote v1.0.44
  Downloaded bitflags v2.11.0
  Downloaded pin-project-lite v0.2.17
  Downloaded tempfile v3.14.0
  Downloaded socket2 v0.6.5
  Downloaded proc-macro2 v1.0.106
  Downloaded once_cell v1.21.3
  Downloaded unicode-ident v1.0.24
  Downloaded bytes v1.12.1
  Downloaded mio v1.1.1
  Downloaded syn v2.0.117
  Downloaded rustix v0.38.44
  Downloaded libc v0.2.182
  Downloaded tokio v1.50.0
  Downloaded linux-raw-sys v0.4.15
   Compiling proc-macro2 v1.0.106
   Compiling libc v0.2.182
   Compiling unicode-ident v1.0.24
   Compiling quote v1.0.44
   Compiling rustix v0.38.44
   Compiling bitflags v2.11.0
   Compiling linux-raw-sys v0.4.15
   Compiling fastrand v2.3.0
   Compiling once_cell v1.21.3
   Compiling cfg-if v1.0.4
   Compiling pin-project-lite v0.2.17
   Compiling bytes v1.12.1
   Compiling syn v2.0.117
   Compiling mio v1.1.1
   Compiling socket2 v0.6.5
   Compiling unix-ancillary v0.5.0 (/work)
   Compiling tempfile v3.14.0
   Compiling tokio-macros v2.6.1
   Compiling tokio v1.50.0
    Finished dev [unoptimized + debuginfo] target(s) in 1m 05s
    Finished test [unoptimized + debuginfo] target(s) in 0.07s
     Running unittests src/lib.rs (target/debug/deps/unix_ancillary-e94865cc3079a1fe)

running 2 tests
test platform::tests::clamp_nofile_maps_special_and_out_of_range_values ... ok
test platform::tests::cloexec_received_sets_flag_via_fcntl ... ok

test result: ok. 2 passed; 0 failed; 0 ignored; 0 measured; 0 filtered out; finished in 0.00s

     Running tests/async_fd.rs (target/debug/deps/async_fd-8f2f1e389a6e61e9)

running 0 tests

test result: ok. 0 passed; 0 failed; 0 ignored; 0 measured; 0 filtered out; finished in 0.00s

     Running tests/credentials.rs (target/debug/deps/credentials-cd556823abd73015)

running 3 tests
test kernel_supplies_credentials_when_sender_sends_none ... ok
test no_credentials_without_passcred ... ok
test fds_and_credentials_arrive_from_one_recvmsg ... ok

test result: ok. 3 passed; 0 failed; 0 ignored; 0 measured; 0 filtered out; finished in 0.00s

     Running tests/fd_leak.rs (target/debug/deps/fd_leak-70b92b3d706e7925)

running 2 tests
test surplus_fds_dropped_not_leaked ... ok
test exact_receive_error_closes_all_received_fds ... ok

test result: ok. 2 passed; 0 failed; 0 ignored; 0 measured; 0 filtered out; finished in 0.01s

     Running tests/fd_passing.rs (target/debug/deps/fd_passing-58991441965f97b2)

running 17 tests
test buffer_size_calculation ... ok
test ancillary_buffer_too_small ... ok
test datagram_payload_truncation_is_an_error ... ok
test low_level_api ... ok
test owned_fd_closes_on_drop ... ok
test recv_exact_accepts_exact_count ... ok
test recv_exact_datagram_accepts_exact_count ... ok
test send_recv_multiple_fds ... ok
test recv_exact_rejects_too_many ... ok
test recv_exact_rejects_too_few ... ok
test send_recv_single_fd ... ok
test recv_fds_into_with_user_buffer ... ok
test stream_allows_empty_payload_without_fds ... ok
test send_fds_all_transfers_payload_and_descriptor ... ok
test stream_rejects_fds_without_payload_byte ... ok
test partial_first_send_delivers_exactly_one_descriptor ... ok

running 1 test
send to closed peer returned: Err(Os { code: 32, kind: BrokenPipe, message: "Broken pipe" })
test send_to_closed_peer_returns_error_without_sigpipe ... ok

test result: ok. 1 passed; 0 failed; 0 ignored; 0 measured; 16 filtered out; finished in 0.00s

test send_to_closed_peer_returns_error_without_sigpipe ... ok

test result: ok. 17 passed; 0 failed; 0 ignored; 0 measured; 0 filtered out; finished in 0.01s

     Running tests/vectored.rs (target/debug/deps/vectored-bca42bfd824478bb)

running 4 tests
test stream_vectored_allows_empty_payload_without_fds ... ok
test datagram_vectored_roundtrip ... ok
test stream_vectored_rejects_empty_payload_with_fds ... ok
test stream_vectored_roundtrip_keeps_order_and_fd ... ok

test result: ok. 4 passed; 0 failed; 0 ignored; 0 measured; 0 filtered out; finished in 0.00s

   Doc-tests unix-ancillary

running 1 test
test src/lib.rs - (line 50) - compile ... ok

test result: ok. 1 passed; 0 failed; 0 ignored; 0 measured; 0 filtered out; finished in 0.06s

    Checking libc v0.2.182
    Checking pin-project-lite v0.2.17
    Checking mio v1.1.1
    Checking socket2 v0.6.5
    Checking tokio v1.50.0
    Checking unix-ancillary v0.5.0 (/work)
    Finished dev [unoptimized + debuginfo] target(s) in 2.67s
