    Updating crates.io index
 Downloading crates ...
  Downloaded fastrand v2.3.0
  Downloaded cfg-if v1.0.4
  Downloaded errno v0.3.14
  Downloaded pin-project-lite v0.2.17
  Downloaded tokio-macros v2.6.1
  Downloaded bitflags v2.11.0
  Downloaded tempfile v3.14.0
  Downloaded bytes v1.12.1
  Downloaded quote v1.0.44
  Downloaded once_cell v1.21.3
  Downloaded socket2 v0.6.5
  Downloaded unicode-ident v1.0.24
  Downloaded proc-macro2 v1.0.106
  Downloaded mio v1.1.1
  Downloaded syn v2.0.117
  Downloaded rustix v0.38.44
  Downloaded libc v0.2.182
  Downloaded tokio v1.50.0
  Downloaded linux-raw-sys v0.4.15
   Compiling libc v0.2.182
   Compiling proc-macro2 v1.0.106
   Compiling quote v1.0.44
   Compiling unicode-ident v1.0.24
   Compiling rustix v0.38.44
   Compiling linux-raw-sys v0.4.15
   Compiling bitflags v2.11.0
   Compiling bytes v1.12.1
   Compiling fastrand v2.3.0
   Compiling pin-project-lite v0.2.17
   Compiling cfg-if v1.0.4
   Compiling once_cell v1.21.3
   Compiling syn v2.0.117
   Compiling mio v1.1.1
   Compiling socket2 v0.6.5
   Compiling unix-ancillary v0.5.0 (/work)
   Compiling tempfile v3.14.0
   Compiling tokio-macros v2.6.1
   Compiling tokio v1.50.0
    Finished `test` profile [unoptimized + debuginfo] target(s) in 20.73s
     Running tests/audit_regressions.rs (target/debug/deps/audit_regressions-7a9f233ecec53a28)

running 1 test

thread 'send_buffer_must_retain_descriptor_lifetime' (507) panicked at tests/audit_regressions.rs:111:5:
assertion `left == right` failed: intended /dev/null, but sent replacement /dev/zero
  left: 1
 right: 0
note: run with `RUST_BACKTRACE=1` environment variable to display a backtrace
test send_buffer_must_retain_descriptor_lifetime ... FAILED

failures:

failures:
    send_buffer_must_retain_descriptor_lifetime

test result: FAILED. 0 passed; 1 failed; 0 ignored; 0 measured; 6 filtered out; finished in 0.00s

error: test failed, to rerun pass `--test audit_regressions`
