   Compiling proc-macro2 v1.0.106
   Compiling unicode-ident v1.0.24
   Compiling quote v1.0.44
   Compiling libc v0.2.182
   Compiling rustix v0.38.44
   Compiling linux-raw-sys v0.4.15
   Compiling bytes v1.12.1
   Compiling bitflags v2.11.0
   Compiling pin-project-lite v0.2.17
   Compiling fastrand v2.3.0
   Compiling once_cell v1.21.3
   Compiling cfg-if v1.0.4
   Compiling syn v2.0.117
   Compiling socket2 v0.6.5
   Compiling mio v1.1.1
   Compiling tempfile v3.14.0
   Compiling tokio-macros v2.6.1
   Compiling tokio v1.50.0
   Compiling unix-ancillary v0.6.0 (/work)
    Finished `dev` profile [unoptimized + debuginfo] target(s) in 15.37s
   Compiling unix-ancillary v0.6.0 (/work)
    Finished `test` profile [unoptimized + debuginfo] target(s) in 1.62s
     Running unittests src/lib.rs (target/debug/deps/unix_ancillary-445c5a5d11eae98a)

running 2 tests
test platform::tests::clamp_nofile_maps_special_and_out_of_range_values ... ok
test platform::tests::cloexec_received_sets_flag_via_fcntl ... ok

test result: ok. 2 passed; 0 failed; 0 ignored; 0 measured; 0 filtered out; finished in 0.00s

     Running tests/ancillary_ownership.rs (target/debug/deps/ancillary_ownership-b25a4dae5e4e6b8b)

running 10 tests
test clearing_receive_buffer_closes_unread_fds ... ok
test dropping_messages_without_iteration_closes_fds ... ok

running 1 test
test unaligned_buffers_roundtrip ... ok

test result: ok. 1 passed; 0 failed; 0 ignored; 0 measured; 9 filtered out; finished in 0.00s

test dropping_receive_buffer_closes_unread_fds ... ok
test unaligned_buffers_roundtrip ... ok
test failed_receive_does_not_retain_previous_messages ... ok
test partial_rights_iteration_closes_remainder ... ok
test receive_buffer_cannot_be_sent_until_cleared ... ok
test receive_messages_are_consumed_once ... ok
test reusing_receive_buffer_closes_old_fds ... ok
test send_buffer_never_yields_owners ... ok

test result: ok. 10 passed; 0 failed; 0 ignored; 0 measured; 0 filtered out; finished in 0.02s

     Running tests/async_fd.rs (target/debug/deps/async_fd-3792f0d89e1baefe)

running 0 tests

test result: ok. 0 passed; 0 failed; 0 ignored; 0 measured; 0 filtered out; finished in 0.00s

     Running tests/credentials.rs (target/debug/deps/credentials-fa7577d5f357715d)

running 5 tests
test fds_and_credentials_arrive_from_one_recvmsg ... ok
test kernel_supplies_credentials_when_sender_sends_none ... ok
test no_credentials_without_passcred ... ok
test maximum_rights_with_automatic_credentials_datagram ... ok
test maximum_rights_with_automatic_credentials_stream ... ok

test result: ok. 5 passed; 0 failed; 0 ignored; 0 measured; 0 filtered out; finished in 0.03s

     Running tests/fd_leak.rs (target/debug/deps/fd_leak-429d4ce1acaac44e)

running 2 tests
test exact_receive_error_closes_all_received_fds ... ok
test surplus_fds_dropped_not_leaked ... ok

test result: ok. 2 passed; 0 failed; 0 ignored; 0 measured; 0 filtered out; finished in 0.01s

     Running tests/fd_passing.rs (target/debug/deps/fd_passing-3ab28236ef693746)

running 17 tests
test ancillary_buffer_too_small ... ok
test buffer_size_calculation ... ok
test datagram_payload_truncation_is_an_error ... ok
test low_level_api ... ok
test owned_fd_closes_on_drop ... ok
test recv_exact_accepts_exact_count ... ok
test recv_exact_datagram_accepts_exact_count ... ok
test recv_fds_into_with_user_buffer ... ok
test recv_exact_rejects_too_many ... ok
test send_recv_multiple_fds ... ok
test send_recv_single_fd ... ok
test recv_exact_rejects_too_few ... ok
test stream_allows_empty_payload_without_fds ... ok
test stream_rejects_fds_without_payload_byte ... ok
test partial_first_send_delivers_exactly_one_descriptor ... ok
test send_fds_all_transfers_payload_and_descriptor ... ok

running 1 test
send to closed peer returned: Err(Os { code: 32, kind: BrokenPipe, message: "Broken pipe" })
test send_to_closed_peer_returns_error_without_sigpipe ... ok

test result: ok. 1 passed; 0 failed; 0 ignored; 0 measured; 16 filtered out; finished in 0.00s

test send_to_closed_peer_returns_error_without_sigpipe ... ok

test result: ok. 17 passed; 0 failed; 0 ignored; 0 measured; 0 filtered out; finished in 0.01s

     Running tests/vectored.rs (target/debug/deps/vectored-0ab4dc7fd81ec5da)

running 4 tests
test datagram_vectored_roundtrip ... ok
test stream_vectored_rejects_empty_payload_with_fds ... ok
test stream_vectored_allows_empty_payload_without_fds ... ok
test stream_vectored_roundtrip_keeps_order_and_fd ... ok

test result: ok. 4 passed; 0 failed; 0 ignored; 0 measured; 0 filtered out; finished in 0.00s

   Doc-tests unix_ancillary

running 2 tests
test src/ancillary.rs - ancillary::SocketAncillary<'a>::add_fds (line 277) - compile fail ... ok
test src/lib.rs - (line 42) - compile ... ok

test result: ok. 2 passed; 0 failed; 0 ignored; 0 measured; 0 filtered out; finished in 0.11s

    Finished `test` profile [unoptimized + debuginfo] target(s) in 0.11s
     Running unittests src/lib.rs (target/debug/deps/unix_ancillary-5e6711d548574727)

running 2 tests
test platform::tests::clamp_nofile_maps_special_and_out_of_range_values ... ok
test platform::tests::cloexec_received_sets_flag_via_fcntl ... ok

test result: ok. 2 passed; 0 failed; 0 ignored; 0 measured; 0 filtered out; finished in 0.00s

     Running tests/ancillary_ownership.rs (target/debug/deps/ancillary_ownership-751b3df4074e6270)

running 10 tests
test clearing_receive_buffer_closes_unread_fds ... ok
test dropping_messages_without_iteration_closes_fds ... ok

running 1 test
test unaligned_buffers_roundtrip ... ok

test result: ok. 1 passed; 0 failed; 0 ignored; 0 measured; 9 filtered out; finished in 0.00s

test dropping_receive_buffer_closes_unread_fds ... ok
test unaligned_buffers_roundtrip ... ok
test failed_receive_does_not_retain_previous_messages ... ok
test partial_rights_iteration_closes_remainder ... ok
test receive_buffer_cannot_be_sent_until_cleared ... ok
test receive_messages_are_consumed_once ... ok
test reusing_receive_buffer_closes_old_fds ... ok
test send_buffer_never_yields_owners ... ok

test result: ok. 10 passed; 0 failed; 0 ignored; 0 measured; 0 filtered out; finished in 0.02s

     Running tests/async_fd.rs (target/debug/deps/async_fd-5a095df5183492a6)

running 11 tests
test async_datagram_payload_truncation_is_an_error ... ok
test async_datagram_send_recv_fd ... ok
test async_recv_exact_accepts_exact_count ... ok
test async_recv_exact_datagram_accepts_exact_count ... ok
test async_recv_exact_rejects_too_few ... ok
test async_recv_exact_rejects_too_many ... ok
test async_stream_rejects_fds_without_payload_byte ... ok
test async_send_fds_all_transfers_payload_and_descriptor ... ok
test async_stream_send_recv_fd ... ok
test async_stream_surplus_fds_capped ... ok
test async_partial_first_send_delivers_exactly_one_descriptor ... ok

test result: ok. 11 passed; 0 failed; 0 ignored; 0 measured; 0 filtered out; finished in 0.00s

     Running tests/credentials.rs (target/debug/deps/credentials-b174c1cffb743e1a)

running 5 tests
test fds_and_credentials_arrive_from_one_recvmsg ... ok
test kernel_supplies_credentials_when_sender_sends_none ... ok
test no_credentials_without_passcred ... ok
test maximum_rights_with_automatic_credentials_datagram ... ok
test maximum_rights_with_automatic_credentials_stream ... ok

test result: ok. 5 passed; 0 failed; 0 ignored; 0 measured; 0 filtered out; finished in 0.09s

     Running tests/fd_leak.rs (target/debug/deps/fd_leak-f7aec50bf2489e14)

running 2 tests
test exact_receive_error_closes_all_received_fds ... ok
test surplus_fds_dropped_not_leaked ... ok

test result: ok. 2 passed; 0 failed; 0 ignored; 0 measured; 0 filtered out; finished in 0.01s

     Running tests/fd_passing.rs (target/debug/deps/fd_passing-1287fae2413e61db)

running 17 tests
test buffer_size_calculation ... ok
test ancillary_buffer_too_small ... ok
test datagram_payload_truncation_is_an_error ... ok
test low_level_api ... ok
test owned_fd_closes_on_drop ... ok
test recv_exact_accepts_exact_count ... ok
test recv_exact_rejects_too_few ... ok
test recv_fds_into_with_user_buffer ... ok
test recv_exact_datagram_accepts_exact_count ... ok
test recv_exact_rejects_too_many ... ok
test send_recv_multiple_fds ... ok
test partial_first_send_delivers_exactly_one_descriptor ... ok
test send_fds_all_transfers_payload_and_descriptor ... ok
test stream_allows_empty_payload_without_fds ... ok
test stream_rejects_fds_without_payload_byte ... ok
test send_recv_single_fd ... ok

running 1 test
send to closed peer returned: Err(Os { code: 32, kind: BrokenPipe, message: "Broken pipe" })
test send_to_closed_peer_returns_error_without_sigpipe ... ok

test result: ok. 1 passed; 0 failed; 0 ignored; 0 measured; 16 filtered out; finished in 0.00s

test send_to_closed_peer_returns_error_without_sigpipe ... ok

test result: ok. 17 passed; 0 failed; 0 ignored; 0 measured; 0 filtered out; finished in 0.01s

     Running tests/vectored.rs (target/debug/deps/vectored-8eaaf54fb7a1ff24)

running 4 tests
test datagram_vectored_roundtrip ... ok
test stream_vectored_allows_empty_payload_without_fds ... ok
test stream_vectored_rejects_empty_payload_with_fds ... ok
test stream_vectored_roundtrip_keeps_order_and_fd ... ok

test result: ok. 4 passed; 0 failed; 0 ignored; 0 measured; 0 filtered out; finished in 0.00s

   Doc-tests unix_ancillary

running 2 tests
test src/ancillary.rs - ancillary::SocketAncillary<'a>::add_fds (line 277) - compile fail ... ok
test src/lib.rs - (line 42) - compile ... ok

test result: ok. 2 passed; 0 failed; 0 ignored; 0 measured; 0 filtered out; finished in 0.06s

    Checking pin-project-lite v0.2.17
    Checking libc v0.2.182
    Checking mio v1.1.1
    Checking socket2 v0.6.5
    Checking tokio v1.50.0
 Documenting unix-ancillary v0.6.0 (/work)
    Finished `dev` profile [unoptimized + debuginfo] target(s) in 3.17s
   Generated /work/target/doc/unix_ancillary/index.html
    Checking bytes v1.12.1
    Checking bitflags v2.11.0
    Checking linux-raw-sys v0.4.15
    Checking cfg-if v1.0.4
    Checking fastrand v2.3.0
    Checking once_cell v1.21.3
    Checking rustix v0.38.44
    Checking tokio v1.50.0
    Checking tempfile v3.14.0
    Checking unix-ancillary v0.6.0 (/work)
error: useless use of `vec!`
   --> tests/ancillary_ownership.rs:152:28
    |
152 |         let mut send_buf = vec![0; 128];
    |                            ^^^^^^^^^^^^ help: you can use an array directly: `[0; 128]`
    |
    = help: for further information visit https://rust-lang.github.io/rust-clippy/rust-1.97.0/index.html#useless_vec
    = note: `-D clippy::useless-vec` implied by `-D warnings`
    = help: to override `-D warnings` add `#[allow(clippy::useless_vec)]`

error: useless use of `vec!`
   --> tests/ancillary_ownership.rs:158:28
    |
158 |         let mut recv_buf = vec![0; 128];
    |                            ^^^^^^^^^^^^ help: you can use an array directly: `[0; 128]`
    |
    = help: for further information visit https://rust-lang.github.io/rust-clippy/rust-1.97.0/index.html#useless_vec

error: could not compile `unix-ancillary` (test "ancillary_ownership") due to 2 previous errors
warning: build failed, waiting for other jobs to finish...
