   Compiling proc-macro2 v1.0.106
   Compiling unicode-ident v1.0.24
   Compiling libc v0.2.182
   Compiling quote v1.0.44
   Compiling rustix v0.38.44
    Checking pin-project-lite v0.2.17
    Checking linux-raw-sys v0.4.15
    Checking bitflags v2.11.0
    Checking bytes v1.12.1
    Checking fastrand v2.3.0
    Checking once_cell v1.21.3
    Checking cfg-if v1.0.4
   Compiling syn v2.0.117
    Checking socket2 v0.6.5
    Checking mio v1.1.1
    Checking tempfile v3.14.0
   Compiling tokio-macros v2.6.1
    Checking tokio v1.50.0
    Checking unix-ancillary v0.6.0 (/work)
    Finished `dev` profile [unoptimized + debuginfo] target(s) in 8.46s
   Compiling linux-raw-sys v0.4.15
   Compiling bitflags v2.11.0
   Compiling fastrand v2.3.0
   Compiling libc v0.2.182
   Compiling once_cell v1.21.3
   Compiling bytes v1.12.1
   Compiling cfg-if v1.0.4
   Compiling pin-project-lite v0.2.17
   Compiling rustix v0.38.44
   Compiling mio v1.1.1
   Compiling socket2 v0.6.5
   Compiling unix-ancillary v0.6.0 (/work)
   Compiling tokio v1.50.0
   Compiling tempfile v3.14.0
    Finished `test` profile [unoptimized + debuginfo] target(s) in 5.85s
     Running tests/ancillary_ownership.rs (target/debug/deps/ancillary_ownership-b25a4dae5e4e6b8b)

running 10 tests
test dropping_messages_without_iteration_closes_fds ... ok
test clearing_receive_buffer_closes_unread_fds ... ok
test dropping_receive_buffer_closes_unread_fds ... ok
test failed_receive_does_not_retain_previous_messages ... ok
test partial_rights_iteration_closes_remainder ... ok
test receive_buffer_cannot_be_sent_until_cleared ... ok
test receive_messages_are_consumed_once ... ok
test reusing_receive_buffer_closes_old_fds ... ok
test send_buffer_never_yields_owners ... ok

running 1 test
test unaligned_buffers_roundtrip ... ok

test result: ok. 1 passed; 0 failed; 0 ignored; 0 measured; 9 filtered out; finished in 0.00s

test unaligned_buffers_roundtrip ... ok

test result: ok. 10 passed; 0 failed; 0 ignored; 0 measured; 0 filtered out; finished in 0.05s

    Finished `test` profile [unoptimized + debuginfo] target(s) in 0.07s
   Doc-tests unix_ancillary

running 5 tests
test src/ancillary.rs - ancillary::SocketAncillary<'a>::add_fds (line 277) - compile fail ... ok
test src/lib.rs - (line 42) - compile ... ok
test src/lib.rs - (line 155) ... ok
test src/lib.rs - (line 94) ... ok
test src/lib.rs - (line 125) ... ok

test result: ok. 5 passed; 0 failed; 0 ignored; 0 measured; 0 filtered out; finished in 0.12s

    Checking tokio v1.50.0
 Documenting unix-ancillary v0.6.0 (/work)
    Finished `dev` profile [unoptimized + debuginfo] target(s) in 1.51s
   Generated /work/target/doc/unix_ancillary/index.html
Sending file descriptor...
Receiving file descriptor...
Received 13 bytes: "here's a file"
Received 1 fd(s)
File contents via received fd: "Hello from the other side!"
[privileged] bound 127.0.0.1:33145, handing the listening socket to worker
[worker] received the listening socket, now serving on 127.0.0.1:33145 (never called bind() itself)
Sending file descriptor...
Receiving file descriptor...
Received 13 bytes: "here's a file"
Received 1 fd(s)
File contents via received fd: "Hello from an async fd!"
[supervisor] granting one read-only capability to the sandbox
[sandbox] used the granted capability, read: "data the sandboxed agent is allowed to read"
child 1254 read the file; writes were denied
parent 1163 completed the descriptor handoff
downstream send_fds / recv_fds call shapes passed
   Compiling libc v0.2.186
   Compiling shlex v1.3.0
   Compiling find-msvc-tools v0.1.9
    Checking arbitrary v1.4.2
    Checking unix-ancillary v0.6.0 (/work)
   Compiling jobserver v0.1.34
   Compiling cc v1.2.61
   Compiling libfuzzer-sys v0.4.12
    Checking unix-ancillary-fuzz v0.0.0 (/work/fuzz)
    Finished `dev` profile [unoptimized + debuginfo] target(s) in 11.83s
   Compiling libc v0.2.182
   Compiling proc-macro2 v1.0.106
   Compiling unicode-ident v1.0.24
   Compiling quote v1.0.44
   Compiling rustix v0.38.44
    Checking bytes v1.12.1
    Checking bitflags v2.11.0
    Checking pin-project-lite v0.2.17
    Checking cfg-if v1.0.4
    Checking once_cell v1.21.3
    Checking fastrand v2.3.0
   Compiling syn v2.0.117
    Checking errno v0.3.14
    Checking mio v1.1.1
    Checking socket2 v0.6.5
    Checking tempfile v3.14.0
   Compiling tokio-macros v2.6.1
    Checking tokio v1.50.0
    Checking unix-ancillary v0.6.0 (/work)
    Finished `dev` profile [unoptimized + debuginfo] target(s) in 9.04s
error: attempting to make an HTTP request, but --offline was specified
